[backblue.gif]
[fade.gif]
[index.html]
[bertrandmasson.free.fr/themes/fiches/img/favicon.png]
[bertrandmasson.free.fr/feed3e10.php]
[bertrandmasson.free.fr/feed8bb8.php]
[bertrandmasson.free.fr/feed1a12.php]
[bertrandmasson.free.fr/feedef42.php]
[bertrandmasson.free.fr/index.html]
[bertrandmasson.free.fr/themes/fiches/img/logo.png]
[bertrandmasson.free.fr/themes/fiches/img/icons.png]
[bertrandmasson.free.fr/themes/fiches/style.css]
[bertrandmasson.free.fr/themes/fiches/img/bg_author_info.png]
[bertrandmasson.free.fr/indexb94d.html]
[bertrandmasson.free.fr/feed0287.php]
[bertrandmasson.free.fr/beameroverlay38f4.pdf]
[bertrandmasson.free.fr/feedbf27.php]
[bertrandmasson.free.fr/index488e.html]
[bertrandmasson.free.fr/data/documents/latex/CriseAuSarkozistanExtrait.ogv]
[bertrandmasson.free.fr/premierRapportc6e9.pdf]
[bertrandmasson.free.fr/feedb3b9.php]
[bertrandmasson.free.fr/index6766.html]
[bertrandmasson.free.fr/feedba28.php]
[bertrandmasson.free.fr/indexe071.html]
[bertrandmasson.free.fr/beamerpause67eb.pdf]
[bertrandmasson.free.fr/index2733.html]
[bertrandmasson.free.fr/feed2dbb.php]
[bertrandmasson.free.fr/index0df5.html]
[bertrandmasson.free.fr/fairepresentation7d71.pdf]
[bertrandmasson.free.fr/index193e.html]
[bertrandmasson.free.fr/indexcad7.html]
[bertrandmasson.free.fr/index23c6.html]
[bertrandmasson.free.fr/feed08a3.php]
[bertrandmasson.free.fr/indexcf3f.html]
[bertrandmasson.free.fr/indexa62c.html]
[bertrandmasson.free.fr/feed90eb.php]
[bertrandmasson.free.fr/index87da.html]
[bertrandmasson.free.fr/commande748b.pdf]
[bertrandmasson.free.fr/longueur8bf8.pdf]
[bertrandmasson.free.fr/liste0102.pdf]
[bertrandmasson.free.fr/ficheslettrex72a1.pdf]
[bertrandmasson.free.fr/index21ed.html]
[bertrandmasson.free.fr/feed1081.php]
[bertrandmasson.free.fr/indexd3bc.html]
[bertrandmasson.free.fr/multirow34e6.pdf]
[bertrandmasson.free.fr/lignetabd762.pdf]
[bertrandmasson.free.fr/colortab9684.pdf]
[bertrandmasson.free.fr/tableauarray1592.pdf]
[bertrandmasson.free.fr/tableausimple90bb.pdf]
[bertrandmasson.free.fr/feedf7e0.php]
[bertrandmasson.free.fr/indexc4ea.html]
[bertrandmasson.free.fr/sectionnementd1e5.pdf]
[bertrandmasson.free.fr/classekoma079d.pdf]
[bertrandmasson.free.fr/koma9839.pdf]
[bertrandmasson.free.fr/feed6abd.php]
[bertrandmasson.free.fr/indexf36d.html]
[bertrandmasson.free.fr/graphiques8ab2.pdf]
[bertrandmasson.free.fr/illustration77ef.pdf]
[bertrandmasson.free.fr/illustration0bf7.tex]
[bertrandmasson.free.fr/nodec18e.pdf]
[bertrandmasson.free.fr/tikzlignese184.pdf]
[bertrandmasson.free.fr/introtikz6c8d.pdf]
[bertrandmasson.free.fr/feed0eca.php]
[bertrandmasson.free.fr/index714c.html]
[bertrandmasson.free.fr/feed2947.php]
[bertrandmasson.free.fr/indexc736.html]
[bertrandmasson.free.fr/index478a.html]
[bertrandmasson.free.fr/biblatexmichu5fe2.pdf]
[bertrandmasson.free.fr/loic-emcf7a3.pdf]
[bertrandmasson.free.fr/feeda920.php]
[bertrandmasson.free.fr/index5de3.html]
[bertrandmasson.free.fr/index1b14.html]
[bertrandmasson.free.fr/indexa88e.html]
[bertrandmasson.free.fr/indexe106.html]
[bertrandmasson.free.fr/index2816.html]
[bertrandmasson.free.fr/indexa1a4.html]
[bertrandmasson.free.fr/index1f51.html]
[bertrandmasson.free.fr/indexd84b.html]
[bertrandmasson.free.fr/index3ab4.html]
[bertrandmasson.free.fr/index40bc.html]
[bertrandmasson.free.fr/indexfd8b.html]
[bertrandmasson.free.fr/index7668.html]
[bertrandmasson.free.fr/indexafaa.html]
[bertrandmasson.free.fr/index004b.html]
[bertrandmasson.free.fr/index86cb.html]
[bertrandmasson.free.fr/index6622.html]
[bertrandmasson.free.fr/indexa83e.html]
[bertrandmasson.free.fr/indexdbfd.html]
[bertrandmasson.free.fr/index6b63.html]
[bertrandmasson.free.fr/index2f2f.html]
[bertrandmasson.free.fr/formattexte7759.pdf]
[bertrandmasson.free.fr/frenchbf5eb.pdf]
[bertrandmasson.free.fr/index59a6.html]
[bertrandmasson.free.fr/core/admin/index.html]
[bertrandmasson.free.fr/index5d05.html]
[bertrandmasson.free.fr/mise-en-page07ba.tex]
[bertrandmasson.free.fr/feede4aa.php]
[bertrandmasson.free.fr/index6c15.html]
[bertrandmasson.free.fr/index3258.html]
[bertrandmasson.free.fr/indexc951.html]
[bertrandmasson.free.fr/index26f4.html]
[bertrandmasson.free.fr/feed306b.php]
[bertrandmasson.free.fr/index25f1.html]
[bertrandmasson.free.fr/index0c4a.html]
[bertrandmasson.free.fr/indexedfd.html]
[bertrandmasson.free.fr/changertitre3691.pdf]
[bertrandmasson.free.fr/tableau6237.pdf]
[bertrandmasson.free.fr/tableaueb06.tex]
[bertrandmasson.free.fr/miseenpage3db78.tex]
[bertrandmasson.free.fr/commandesb617.tex]
[bertrandmasson.free.fr/index455b.html]
[bertrandmasson.free.fr/index9d38.html]
[bertrandmasson.free.fr/feed424e.php]
[bertrandmasson.free.fr/miseenpagec0b5.pdf]
[bertrandmasson.free.fr/miseenpage2b88.tex]
[bertrandmasson.free.fr/index8188.html]
[bertrandmasson.free.fr/miseenpage2f8fd.tex]
[bertrandmasson.free.fr/introcontext2c6b.pdf]
[bertrandmasson.free.fr/introcdf7.tex]
[bertrandmasson.free.fr/feededd3.php]
[bertrandmasson.free.fr/index4dcf.html]
[bertrandmasson.free.fr/indexacd1.html]
[bertrandmasson.free.fr/indexdc45.html]
[bertrandmasson.free.fr/index4817.html]
[bertrandmasson.free.fr/index594d.html]
[bertrandmasson.free.fr/indexaf35.html]
[bertrandmasson.free.fr/index7c53.html]
[bertrandmasson.free.fr/tabtabularxd306.pdf]
[bertrandmasson.free.fr/couleurfbcb.pdf]
[bertrandmasson.free.fr/index762e.html]
[bertrandmasson.free.fr/index6ed6.html]
[bertrandmasson.free.fr/index9688.html]
[bertrandmasson.free.fr/index7149.html]
[bertrandmasson.free.fr/index48d3.html]
[bertrandmasson.free.fr/index002b.html]
[bertrandmasson.free.fr/feed93fb.php]
[bertrandmasson.free.fr/feed9ffd.php]
[bertrandmasson.free.fr/index6d2f.html]
[bertrandmasson.free.fr/indexc413.html]
[bertrandmasson.free.fr/feed075f.php]
[bertrandmasson.free.fr/index2442.html]
[bertrandmasson.free.fr/feed204c.php]
[bertrandmasson.free.fr/index38e1.html]
[bertrandmasson.free.fr/feed31ed.php]
[bertrandmasson.free.fr/indexaddc.html]
[bertrandmasson.free.fr/index49f2.html]
[bertrandmasson.free.fr/feed0598.php]
[bertrandmasson.free.fr/index35b5.html]
[bertrandmasson.free.fr/indexdbba.html]
[bertrandmasson.free.fr/index3235.html]
[bertrandmasson.free.fr/indexb374.html]
[bertrandmasson.free.fr/index2051.html]
[bertrandmasson.free.fr/feedaad9.php]
[bertrandmasson.free.fr/index9412.html]
[bertrandmasson.free.fr/index56eb.html]
[bertrandmasson.free.fr/feeddc90.php]
[bertrandmasson.free.fr/index5c3e.html]
[bertrandmasson.free.fr/index39c0.html]
[bertrandmasson.free.fr/core/admin/authab82.html]
[bertrandmasson.free.fr/index47e2.html]
[bertrandmasson.free.fr/premierRapportc6e9.pdf]
[bertrandmasson.free.fr/index859d.html]
[bertrandmasson.free.fr/index461e.html]
[bertrandmasson.free.fr/flottant0fcb.pdf]
[bertrandmasson.free.fr/index34fe.html]
[bertrandmasson.free.fr/index55a3.html]
[bertrandmasson.free.fr/indexaa00.html]
[bertrandmasson.free.fr/index944c.html]
[bertrandmasson.free.fr/indexcfdc.html]
[bertrandmasson.free.fr/indexe70f.html]
[bertrandmasson.free.fr/ficheslettrex72a1.pdf]
[bertrandmasson.free.fr/index528f.html]
[bertrandmasson.free.fr/index13d9.html]
[bertrandmasson.free.fr/index6af4.html]
[bertrandmasson.free.fr/index9cf7.html]
[bertrandmasson.free.fr/index708b.html]
[bertrandmasson.free.fr/index24f8.html]
[bertrandmasson.free.fr/koma9839.pdf]
[bertrandmasson.free.fr/graphiques8ab2.pdf]
[bertrandmasson.free.fr/index09ea.html]
[bertrandmasson.free.fr/index6358.html]
[bertrandmasson.free.fr/indexf475.html]
[bertrandmasson.free.fr/introtikz6c8d.pdf]
[bertrandmasson.free.fr/indexbab0.html]
[bertrandmasson.free.fr/index6219.html]
[bertrandmasson.free.fr/index20a3.html]
[bertrandmasson.free.fr/index298d.html]
[bertrandmasson.free.fr/indexa601.html]
[bertrandmasson.free.fr/index024d.html]
[bertrandmasson.free.fr/core/admin/img/article.png]
[bertrandmasson.free.fr/core/admin/img/article-new.png]
[bertrandmasson.free.fr/core/admin/img/page.png]
[bertrandmasson.free.fr/core/admin/img/comment.png]
[bertrandmasson.free.fr/core/admin/img/comment-new.png]
[bertrandmasson.free.fr/core/admin/img/media.png]
[bertrandmasson.free.fr/core/admin/img/categorie.png]
[bertrandmasson.free.fr/core/admin/img/reglage.png]
[bertrandmasson.free.fr/core/admin/img/view.png]
[bertrandmasson.free.fr/core/admin/img/user.png]
[bertrandmasson.free.fr/core/admin/img/info.png]
[bertrandmasson.free.fr/core/admin/img/check.png]
[bertrandmasson.free.fr/core/admin/img/pluxml.gif]
[bertrandmasson.free.fr/core/admin/img/go.png]
[bertrandmasson.free.fr/core/admin/img/help.gif]
[bertrandmasson.free.fr/core/admin/admin.css]
[bertrandmasson.free.fr/core/admin/img/feed-icon-14x14.png]
[bertrandmasson.free.fr/index7488.html]
[bertrandmasson.free.fr/biblatexmichu5fe2.pdf]
[bertrandmasson.free.fr/formattexte7759.pdf]
[bertrandmasson.free.fr/core/admin/img/index.html]
[bertrandmasson.free.fr/premierRapportc6e9.pdf]
[bertrandmasson.free.fr/flottant0fcb.pdf]
[bertrandmasson.free.fr/ficheslettrex72a1.pdf]
[bertrandmasson.free.fr/couleurfbcb.pdf]
[bertrandmasson.free.fr/koma9839.pdf]
[bertrandmasson.free.fr/graphiques8ab2.pdf]
[bertrandmasson.free.fr/introtikz6c8d.pdf]
