[cpham.perso.univ-pau.fr/LORA/WAZIUP/tuto/index.html]
[backblue.gif]
[fade.gif]
[index.html]
[cpham.perso.univ-pau.fr/LORA/WAZIUP/tuto/assets/css/style.css]
[cpham.perso.univ-pau.fr/LORA/WAZIUP/tuto/assets/css/bootstrap.css]
[cpham.perso.univ-pau.fr/LORA/WAZIUP/tuto/assets/css/font-awesome.css]
[cpham.perso.univ-pau.fr/LORA/WAZIUP/tuto/assets/css/basic.css]
[cpham.perso.univ-pau.fr/LORA/WAZIUP/tuto/assets/css/custom.css]
[cpham.perso.univ-pau.fr/LORA/WAZIUP/tuto/assets/img/uppalogo.jpg]
[cpham.perso.univ-pau.fr/LORA/WAZIUP/tuto/assets/img/waziuplogo.png]
[cpham.perso.univ-pau.fr/LORA/WAZIUP/tuto/assets/img/wazihublogo.png]
[cpham.perso.univ-pau.fr/LORA/WAZIUP/tuto/sensors/introduction_Arduino_IDE/intro_Arduino_IDE.html]
[cpham.perso.univ-pau.fr/LORA/WAZIUP/tuto/sensors/temperature/lm35.html]
[cpham.perso.univ-pau.fr/LORA/WAZIUP/tuto/sensors/temperature/ds18b20.html]
[cpham.perso.univ-pau.fr/LORA/WAZIUP/tuto/sensors/distance/hc-sr04.html]
[cpham.perso.univ-pau.fr/LORA/WAZIUP/tuto/sensors/distance/hrlv.html]
[cpham.perso.univ-pau.fr/LORA/WAZIUP/tuto/sensors/humidity/808h5v5.html]
[cpham.perso.univ-pau.fr/LORA/WAZIUP/tuto/sensors/humidity/dht22.html]
[cpham.perso.univ-pau.fr/LORA/WAZIUP/tuto/sensors/humidity/soil-humidity.html]
[cpham.perso.univ-pau.fr/LORA/WAZIUP/tuto/sensors/humidity/SHT.html]
[cpham.perso.univ-pau.fr/LORA/WAZIUP/tuto/sensors/humidity/water-sensor.html]
[cpham.perso.univ-pau.fr/LORA/WAZIUP/tuto/sensors/motion/pir.html]
[cpham.perso.univ-pau.fr/LORA/WAZIUP/tuto/sensors/light/photoresistor.html]
[cpham.perso.univ-pau.fr/LORA/WAZIUP/tuto/sensors/sound/microphone.html]
[cpham.perso.univ-pau.fr/LORA/WAZIUP/tuto/sensors/GPS/gps.html]
[cpham.perso.univ-pau.fr/LORA/WAZIUP/tuto/sensors/connecting_OLED/SHT_with_OLED.html]
[cpham.perso.univ-pau.fr/LORA/WAZIUP/tuto/sensors/board_with_WiFi/board_with_WiFi.html]
[cpham.perso.univ-pau.fr/LORA/WAZIUP/tuto/sensors/publish_using_MQTT/publish_using_MQTT.html]
[cpham.perso.univ-pau.fr/LORA/WAZIUP/tuto/sensors/lora_sensor/lora_sensor.html]
[cpham.perso.univ-pau.fr/LORA/WAZIUP/tuto/sensors/lora_sensor/Arduino_lora_demo.html]
[cpham.perso.univ-pau.fr/LORA/WAZIUP/tuto/sensors/lora_sensor/Arduino_lora_simple_temp.html]
[cpham.perso.univ-pau.fr/LORA/WAZIUP/tuto/assets/img/iot-app.jpg]
[cpham.perso.univ-pau.fr/LORA/WAZIUP/tuto/assets/img/iot-innovating.jpg]
[cpham.perso.univ-pau.fr/LORA/WAZIUP/tuto/assets/img/waziup-wazihub.jpg]
[cpham.perso.univ-pau.fr/LORA/WAZIUP/tuto/assets/img/sensors.jpg]
[cpham.perso.univ-pau.fr/LORA/WAZIUP/tuto/assets/img/arduino-ecosystem.png]
[cpham.perso.univ-pau.fr/LORA/WAZIUP/tuto/assets/src/sketch.zip]
[cpham.perso.univ-pau.fr/LORA/WAZIUP/tuto/assets/img/arduino-blink.png]
[cpham.perso.univ-pau.fr/LORA/WAZIUP/tuto/assets/img/breadboard_1.jpg]
[cpham.perso.univ-pau.fr/LORA/WAZIUP/tuto/assets/img/breadboard_promini.jpg]
[cpham.perso.univ-pau.fr/LORA/WAZIUP/tuto/assets/img/breadboard_horizontal-rows.png]
[cpham.perso.univ-pau.fr/LORA/WAZIUP/tuto/assets/img/breadboard_led.png]
[cpham.perso.univ-pau.fr/LORA/WAZIUP/tuto/assets/js/bootstrap.js]
[cpham.perso.univ-pau.fr/LORA/WAZIUP/tuto/assets/js/jquery.metisMenu.js]
[cpham.perso.univ-pau.fr/LORA/WAZIUP/tuto/index.html]
[cpham.perso.univ-pau.fr/LORA/WAZIUP/tuto/assets/js/custom.js]
[cpham.perso.univ-pau.fr/LORA/WAZIUP/tuto/assets/css/style.css]
[cpham.perso.univ-pau.fr/LORA/WAZIUP/tuto/assets/fonts/glyphicons-halflings-regular.eot]
[cpham.perso.univ-pau.fr/LORA/WAZIUP/tuto/assets/js/jquery-1.10.2.js]
[cpham.perso.univ-pau.fr/LORA/WAZIUP/tuto/assets/fonts/glyphicons-halflings-regulard41d.eot]
[cpham.perso.univ-pau.fr/LORA/WAZIUP/tuto/assets/fonts/glyphicons-halflings-regular.woff]
[cpham.perso.univ-pau.fr/LORA/WAZIUP/tuto/assets/fonts/glyphicons-halflings-regular.ttf]
[cpham.perso.univ-pau.fr/LORA/WAZIUP/tuto/assets/css/bootstrap.css]
[cpham.perso.univ-pau.fr/LORA/WAZIUP/tuto/assets/fonts/fontawesome-webfont78ce.eot]
[cpham.perso.univ-pau.fr/LORA/WAZIUP/tuto/assets/fonts/fontawesome-webfontd41d.eot]
[cpham.perso.univ-pau.fr/LORA/WAZIUP/tuto/assets/fonts/fontawesome-webfont78ce.woff]
[cpham.perso.univ-pau.fr/LORA/WAZIUP/tuto/assets/fonts/fontawesome-webfont78ce.ttf]
[cpham.perso.univ-pau.fr/LORA/WAZIUP/tuto/assets/css/font-awesome.css]
[cpham.perso.univ-pau.fr/LORA/WAZIUP/tuto/assets/css/basic.css]
[cpham.perso.univ-pau.fr/LORA/WAZIUP/tuto/assets/css/custom.css]
[cpham.perso.univ-pau.fr/LORA/WAZIUP/tuto/index-2.html]
[cpham.perso.univ-pau.fr/LORA/WAZIUP/tuto/sensors/introduction_Arduino_IDE/img/arduino-ide.jpg]
[cpham.perso.univ-pau.fr/LORA/WAZIUP/tuto/sensors/introduction_Arduino_IDE/img/pins.jpg]
[cpham.perso.univ-pau.fr/LORA/WAZIUP/tuto/assets/src/sketch/libraries/DHT-sensor-library/DHT.cpp]
[cpham.perso.univ-pau.fr/LORA/WAZIUP/tuto/sensors/lora_sensor/img/WaziNano.jpg]
[cpham.perso.univ-pau.fr/LORA/WAZIUP/tuto/sensors/introduction_Arduino_IDE/intro_Arduino_IDE.html]
[cpham.perso.univ-pau.fr/LORA/WAZIUP/tuto/sensors/temperature/img/lm35-pinout.png]
[cpham.perso.univ-pau.fr/LORA/WAZIUP/tuto/sensors/temperature/img/lm35-arduino.png]
[cpham.perso.univ-pau.fr/LORA/WAZIUP/tuto/sensors/temperature/lm35.html]
[cpham.perso.univ-pau.fr/LORA/WAZIUP/tuto/sensors/temperature/img/ds18b20.png]
[cpham.perso.univ-pau.fr/LORA/WAZIUP/tuto/sensors/temperature/img/ds18b20_etanche.jpg]
[cpham.perso.univ-pau.fr/LORA/WAZIUP/tuto/sensors/temperature/img/ds18b20-arduino.png]
[cpham.perso.univ-pau.fr/LORA/WAZIUP/tuto/sensors/temperature/ds18b20.html]
[cpham.perso.univ-pau.fr/LORA/WAZIUP/tuto/sensors/distance/img/hc-sr04.jpg]
[cpham.perso.univ-pau.fr/LORA/WAZIUP/tuto/sensors/distance/img/hc-sr04-arduino.jpg]
[cpham.perso.univ-pau.fr/LORA/WAZIUP/tuto/sensors/distance/hc-sr04.html]
[cpham.perso.univ-pau.fr/LORA/WAZIUP/tuto/sensors/distance/img/hrlv.jpg]
[cpham.perso.univ-pau.fr/LORA/WAZIUP/tuto/sensors/distance/img/hrlv-arduino.jpg]
[cpham.perso.univ-pau.fr/LORA/WAZIUP/tuto/sensors/distance/hrlv.html]
[cpham.perso.univ-pau.fr/LORA/WAZIUP/tuto/sensors/humidity/img/808h5v5.jpg]
[cpham.perso.univ-pau.fr/LORA/WAZIUP/tuto/sensors/humidity/808h5v5.html]
[cpham.perso.univ-pau.fr/LORA/WAZIUP/tuto/sensors/humidity/img/DHT22-PinOut.png]
[cpham.perso.univ-pau.fr/LORA/WAZIUP/tuto/sensors/humidity/img/am2305.jpg]
[cpham.perso.univ-pau.fr/LORA/WAZIUP/tuto/sensors/humidity/img/dht22-arduino2.jpg]
[cpham.perso.univ-pau.fr/LORA/WAZIUP/tuto/sensors/humidity/img/dht22-res.jpg]
[cpham.perso.univ-pau.fr/LORA/WAZIUP/tuto/sensors/humidity/dht22.html]
[cpham.perso.univ-pau.fr/LORA/WAZIUP/tuto/sensors/humidity/img/soil-sensor.jpg]
[cpham.perso.univ-pau.fr/LORA/WAZIUP/tuto/sensors/humidity/img/soil-humidity.jpg]
[cpham.perso.univ-pau.fr/LORA/WAZIUP/tuto/sensors/humidity/soil-humidity.html]
[cpham.perso.univ-pau.fr/LORA/WAZIUP/tuto/sensors/humidity/img/SHT.png]
[cpham.perso.univ-pau.fr/LORA/WAZIUP/tuto/sensors/humidity/img/SHT_etanche.jpg]
[cpham.perso.univ-pau.fr/LORA/WAZIUP/tuto/sensors/humidity/SHT.html]
[cpham.perso.univ-pau.fr/LORA/WAZIUP/tuto/sensors/humidity/img/water-sensor.jpg]
[cpham.perso.univ-pau.fr/LORA/WAZIUP/tuto/sensors/humidity/img/rain-drop.jpg]
[cpham.perso.univ-pau.fr/LORA/WAZIUP/tuto/sensors/humidity/water-sensor.html]
[cpham.perso.univ-pau.fr/LORA/WAZIUP/tuto/sensors/motion/img/pir2.jpg]
[cpham.perso.univ-pau.fr/LORA/WAZIUP/tuto/sensors/motion/img/pir-arduino.gif]
[cpham.perso.univ-pau.fr/LORA/WAZIUP/tuto/sensors/motion/pir.html]
[cpham.perso.univ-pau.fr/LORA/WAZIUP/tuto/sensors/light/img/ldr.jpg]
[cpham.perso.univ-pau.fr/LORA/WAZIUP/tuto/sensors/light/img/ldr-arduino.jpg]
[cpham.perso.univ-pau.fr/LORA/WAZIUP/tuto/sensors/light/img/ldr-photores.jpg]
[cpham.perso.univ-pau.fr/LORA/WAZIUP/tuto/sensors/light/photoresistor.html]
[cpham.perso.univ-pau.fr/LORA/WAZIUP/tuto/sensors/sound/img/microphone.jpg]
[cpham.perso.univ-pau.fr/LORA/WAZIUP/tuto/sensors/sound/microphone.html]
[cpham.perso.univ-pau.fr/LORA/WAZIUP/tuto/sensors/GPS/img/gps.png]
[cpham.perso.univ-pau.fr/LORA/WAZIUP/tuto/sensors/GPS/img/gps_connection.png]
[cpham.perso.univ-pau.fr/LORA/WAZIUP/tuto/sensors/GPS/gps.html]
[cpham.perso.univ-pau.fr/LORA/WAZIUP/tuto/sensors/connecting_OLED/img/OLED_screen.png]
[cpham.perso.univ-pau.fr/LORA/WAZIUP/tuto/sensors/connecting_OLED/img/OLED_on_Arduino.png]
[cpham.perso.univ-pau.fr/LORA/WAZIUP/tuto/sensors/connecting_OLED/img/OLED_Nano.png]
[cpham.perso.univ-pau.fr/LORA/WAZIUP/tuto/sensors/connecting_OLED/SHT_with_OLED.html]
[cpham.perso.univ-pau.fr/LORA/WAZIUP/tuto/sensors/board_with_WiFi/img/ESP8286.png]
[cpham.perso.univ-pau.fr/LORA/WAZIUP/tuto/sensors/board_with_WiFi/img/heltec.png]
[cpham.perso.univ-pau.fr/LORA/WAZIUP/tuto/sensors/board_with_WiFi/board_with_WiFi.html]
[cpham.perso.univ-pau.fr/LORA/WAZIUP/tuto/sensors/publish_using_MQTT/img/publish-subscribe.png]
[cpham.perso.univ-pau.fr/LORA/WAZIUP/tuto/sensors/publish_using_MQTT/img/mqtt.png]
[cpham.perso.univ-pau.fr/LORA/WAZIUP/tuto/sensors/publish_using_MQTT/img/mqtt-app.png]
[cpham.perso.univ-pau.fr/LORA/WAZIUP/tuto/sensors/publish_using_MQTT/publish_using_MQTT.html]
[cpham.perso.univ-pau.fr/LORA/WAZIUP/tuto/sensors/lora_sensor/img/wireless-space.jpg]
[cpham.perso.univ-pau.fr/LORA/WAZIUP/tuto/sensors/lora_sensor/img/start-topology.jpg]
[cpham.perso.univ-pau.fr/LORA/WAZIUP/tuto/sensors/lora_sensor/img/generic-iot.jpg]
[cpham.perso.univ-pau.fr/LORA/WAZIUP/tuto/sensors/lora_sensor/lora_sensor.html]
[cpham.perso.univ-pau.fr/LORA/WAZIUP/tuto/assets/src/sketch/Arduino_LoRa_Demo_Sensor/my_demo_sensor_code.h]
[cpham.perso.univ-pau.fr/LORA/WAZIUP/tuto/assets/src/sketch/Arduino_LoRa_Demo_Sensor/my_demo_sensor_code.cpp]
[cpham.perso.univ-pau.fr/LORA/WAZIUP/tuto/sensors/lora_sensor/img/MyNanoLora.jpg]
[cpham.perso.univ-pau.fr/LORA/WAZIUP/tuto/sensors/lora_sensor/img/MyProMiniLora.jpg]
[cpham.perso.univ-pau.fr/LORA/WAZIUP/tuto/sensors/lora_sensor/img/WaziDev.jpg]
[cpham.perso.univ-pau.fr/LORA/WAZIUP/tuto/sensors/lora_sensor/img/WAZINano_LM35DZ.jpg]
[cpham.perso.univ-pau.fr/LORA/WAZIUP/tuto/sensors/lora_sensor/img/gw-1.jpg]
[cpham.perso.univ-pau.fr/LORA/WAZIUP/tuto/sensors/lora_sensor/img/gw-2.jpg]
[cpham.perso.univ-pau.fr/LORA/WAZIUP/tuto/sensors/lora_sensor/img/gw-waziup-cloud.jpg]
[cpham.perso.univ-pau.fr/LORA/WAZIUP/tuto/sensors/lora_sensor/img/gw-3.jpg]
[cpham.perso.univ-pau.fr/LORA/WAZIUP/tuto/sensors/lora_sensor/img/dashboard-1.jpg]
[cpham.perso.univ-pau.fr/LORA/WAZIUP/tuto/sensors/lora_sensor/img/dashboard-2.jpg]
[cpham.perso.univ-pau.fr/LORA/WAZIUP/tuto/sensors/lora_sensor/Arduino_lora_demo.html]
[cpham.perso.univ-pau.fr/LORA/WAZIUP/tuto/sensors/lora_sensor/Arduino_lora_simple_temp.html]
[cpham.perso.univ-pau.fr/LORA/WAZIUP/tuto/assets/fonts/glyphicons-halflings-regular.svg]
[cpham.perso.univ-pau.fr/LORA/WAZIUP/tuto/assets/fonts/fontawesome-webfont78ce.svg]
[cpham.perso.univ-pau.fr/LORA/WAZIUP/tuto/index-2.html]
[cpham.perso.univ-pau.fr/LORA/WAZIUP/tuto/sensors/introduction_Arduino_IDE/https _/cdn.sparkfun.com/assets/learn_tutorials/5/9/7/CH341SER_LINUX.html]
[cpham.perso.univ-pau.fr/LORA/WAZIUP/tuto/assets/src/sketch/Arduino_lm35_temp/Arduino_lm35_temp.html]
[cpham.perso.univ-pau.fr/LORA/WAZIUP/tuto/assets/src/sketch/Arduino_ds18b20_temp/Arduino_ds18b20_temp.html]
[cpham.perso.univ-pau.fr/LORA/WAZIUP/tuto/assets/src/sketch/Arduino_hc-sr04_dist/Arduino_hc-sr04_dist.html]
[cpham.perso.univ-pau.fr/LORA/WAZIUP/tuto/assets/src/sketch/Arduino_hlvr_dist/Arduino_hlvr_dist.html]
[cpham.perso.univ-pau.fr/LORA/WAZIUP/tuto/assets/src/sketch/Arduino_808h5v5_hum/Arduino_808h5v5_hum.html]
[cpham.perso.univ-pau.fr/LORA/WAZIUP/tuto/assets/src/sketch/Arduino_dht22_hum/Arduino_dht22_hum.html]
[cpham.perso.univ-pau.fr/LORA/WAZIUP/tuto/assets/src/sketch/Arduino_soil_humidity/Arduino_soil_humidity.html]
[cpham.perso.univ-pau.fr/LORA/WAZIUP/tuto/sensors/humidity/sensors/lora_sensor/lora_sensor.html]
[cpham.perso.univ-pau.fr/LORA/WAZIUP/tuto/sensors/humidity/sensors/lora_sensor/Arduino_lora_demo.html]
[cpham.perso.univ-pau.fr/LORA/WAZIUP/tuto/sensors/humidity/sensors/lora_sensor/Arduino_lora_simple_temp.html]
[cpham.perso.univ-pau.fr/LORA/WAZIUP/tuto/assets/src/sketch/Arduino_SHT/Arduino_SHT.html]
[cpham.perso.univ-pau.fr/LORA/WAZIUP/tuto/assets/src/sketch/Arduino_water_sensor/Arduino_water_sensor.html]
[cpham.perso.univ-pau.fr/LORA/WAZIUP/tuto/assets/src/sketch/Arduino_pir_motion/Arduino_pir_motion.html]
[cpham.perso.univ-pau.fr/LORA/WAZIUP/tuto/assets/src/sketch/Arduino_ldr_light/Arduino_ldr_light.html]
[cpham.perso.univ-pau.fr/LORA/WAZIUP/tuto/assets/src/sketch/Arduino_sound_level/Arduino_sound_level.html]
[cpham.perso.univ-pau.fr/LORA/WAZIUP/tuto/assets/src/sketch/Arduino_GPS_Parser_GGA/Arduino_GPS_Parser_GGA.html]
[cpham.perso.univ-pau.fr/LORA/WAZIUP/tuto/assets/src/sketch/Arduino_ESP_Temp_ThingSpeak/Arduino_ESP_Temp_ThingSpeak.html]
[cpham.perso.univ-pau.fr/LORA/WAZIUP/tuto/assets/src/sketch/Arduino_ESP_MQTT_test/Arduino_ESP_MQTT_test.html]
[cpham.perso.univ-pau.fr/LORA/WAZIUP/tuto/tuto-local-resources/iot4all-intro-lr.html]
[cpham.perso.univ-pau.fr/LORA/WAZIUP/tuto/tuto-local-resources/LPWAN-review.html]
[cpham.perso.univ-pau.fr/LORA/WAZIUP/tuto/tuto-local-resources/demo-slides.html]
[cpham.perso.univ-pau.fr/LORA/WAZIUP/tuto/tuto-local-resources/FAQ.html]
[cpham.perso.univ-pau.fr/LORA/WAZIUP/tuto/assets/src/sketch/Arduino_LoRa_Demo_Sensor/Arduino_LoRa_Demo_Sensor.html]
[cpham.perso.univ-pau.fr/LORA/WAZIUP/tuto/tuto-local-resources/WAZIUP_IoT-dev-guide.html]
[cpham.perso.univ-pau.fr/LORA/WAZIUP/tuto/tuto-local-resources/Low-cost-LoRa-GW-step-by-step.html]
[cpham.perso.univ-pau.fr/LORA/WAZIUP/tuto/tuto-local-resources/Low-cost-LoRa-GW-web-admin.html]
[cpham.perso.univ-pau.fr/LORA/WAZIUP/tuto/assets/src/sketch/Arduino_LoRa_Simple_temp/Arduino_LoRa_Simple_temp.html]
